package clusterrole

import (
	"fmt"

	"github.com/sourcehawk/operator-component-framework/pkg/component/concepts"
	"github.com/sourcehawk/operator-component-framework/pkg/feature"
	"github.com/sourcehawk/operator-component-framework/pkg/generic"
	rbacv1 "k8s.io/api/rbac/v1"
)

// Builder is a configuration helper for creating and customizing the ClusterRole Resource.
//
// It provides a fluent API for registering mutations and declared data extractions.
// Build() validates the configuration and returns an initialized Resource ready for
// use in a reconciliation loop.
type Builder struct {
	base *generic.StaticBuilder[*rbacv1.ClusterRole, *Mutator]
}

// NewBuilder initializes a new Builder with the provided ClusterRole object.
//
// The ClusterRole object serves as the desired base state. During reconciliation the
// framework makes the cluster's state match this base state, modified by any
// registered mutations.
//
// The provided ClusterRole must have a Name set, and must not have a Namespace because
// the kind is cluster-scoped, which is validated during the Build() call.
func NewBuilder(obj *rbacv1.ClusterRole) *Builder {
	identityFunc := func(o *rbacv1.ClusterRole) string {
		return fmt.Sprintf("rbac.authorization.k8s.io/v1/ClusterRole/%s", o.Name)
	}

	base := generic.NewStaticBuilder[*rbacv1.ClusterRole, *Mutator](
		obj,
		identityFunc,
		NewMutator,
	)

	base.MarkClusterScoped()

	return &Builder{
		base: base,
	}
}

// WithMutation registers one or more feature-based mutations for the ClusterRole.
//
// Mutations are applied sequentially during the Mutate() phase of reconciliation.
// A mutation with a nil Feature is applied unconditionally; one with a non-nil
// Feature is applied only when that feature is enabled.
func (b *Builder) WithMutation(ms ...Mutation) *Builder {
	for _, m := range ms {
		b.base.WithMutation(feature.Mutation[*Mutator](m))
	}
	return b
}

// WithGuard registers a guard precondition that is evaluated before the ClusterRole is
// applied during reconciliation. If the guard returns Blocked, the ClusterRole and all
// resources registered after it are skipped until the guard clears.
// Passing nil clears any previously registered guard.
func (b *Builder) WithGuard(
	guard func(rbacv1.ClusterRole) (concepts.GuardStatusWithReason, error),
) *Builder {
	b.base.WithGuard(generic.WrapGuard(guard))
	return b
}

// WithDataGuard declares that the ClusterRole reads the given data cells and must not
// be applied until every one of them is set. The framework generates the guard and
// its reason (waiting for data "<name>"), and component Build validates that a
// producer for each cell is registered earlier. Data guards are evaluated before any
// custom guard registered with WithGuard.
func (b *Builder) WithDataGuard(cells ...concepts.DataCell) *Builder {
	b.base.WithDataGuard(cells...)
	return b
}

// WithOptionalData declares that the ClusterRole reads the given data cells without
// gating on them. Component Build still validates that a producer is registered
// earlier, and the dependency stays visible to introspection. Consumers in this mode
// use Get and skip quietly when a cell is absent.
func (b *Builder) WithOptionalData(cells ...concepts.DataCell) *Builder {
	b.base.WithOptionalData(cells...)
	return b
}

// WithMetricsIdentifier sets the ClusterRole's identifier for resource-level metrics,
// used as the value of the `resource` label on ocf_resource_apply_total and
// ocf_resource_apply_errors_total.
//
// It is a Prometheus label value, not a Kubernetes name: it must be low-cardinality
// and stable across reconciles, never derived from a per-owner value such as the
// owning custom resource's name. When unset, the resource is labelled
// `clusterrole`. Build rejects a blank identifier.
func (b *Builder) WithMetricsIdentifier(identifier string) *Builder {
	b.base.WithMetricsIdentifier(identifier)
	return b
}

// Build validates the configuration and returns the initialized Resource.
//
// It returns an error if:
//   - No ClusterRole object was provided.
//   - The ClusterRole is missing a Name.
//   - The ClusterRole has a Namespace set, which a cluster-scoped kind must not have.
//   - Two registered mutations share a name.
func (b *Builder) Build() (*Resource, error) {
	genericRes, err := b.base.Build()
	if err != nil {
		return nil, err
	}
	return &Resource{base: genericRes}, nil
}

// ExtractInto declares that this ClusterRole produces the value of cell. fn computes
// the value from a copy of the reconciled ClusterRole; the framework stores it in the
// cell and marks it present, immediately after the ClusterRole is applied or fetched.
// Extracting several values means several ExtractInto calls, one per cell. This is a
// package-level function because Go methods cannot introduce the extra type
// parameter V.
func ExtractInto[V any](b *Builder, cell *concepts.Data[V], fn func(rbacv1.ClusterRole) (V, error)) {
	generic.ExtractInto(&b.base.BaseBuilder, cell, generic.WrapExtraction(fn))
}
