package configmap

import (
	"github.com/sourcehawk/operator-component-framework/pkg/component/concepts"
	"github.com/sourcehawk/operator-component-framework/pkg/generic"
	corev1 "k8s.io/api/core/v1"
	"sigs.k8s.io/controller-runtime/pkg/client"
)

// Resource is a high-level abstraction for managing ConfigMap objects within a
// controller's reconciliation loop.
//
// It implements the following component interfaces:
//   - component.Resource: for basic identity and mutation behaviour.
//   - concepts.Guardable: for conditional reconciliation based on a guard precondition.
//   - concepts.DataExtractable: for exporting values after successful reconciliation.
//   - concepts.DataProducer and concepts.DataConsumer: for declared data topology.
//   - concepts.ObservationRecorder: for surfacing live cluster state to declared data extractions on read-only reconciliation.
//   - concepts.Previewable: for cluster-free rendering of the desired state.
//   - concepts.MutationInspector: for introspecting registered and firing mutations.
type Resource struct {
	base *generic.StaticResource[*corev1.ConfigMap, *Mutator]
}

// Identity returns a unique identifier for the ConfigMap in the format
// "v1/ConfigMap/<namespace>/<name>".
func (r *Resource) Identity() string {
	return r.base.Identity()
}

// MetricsIdentifier returns the identifier set with Builder.WithMetricsIdentifier,
// or an empty string when none was set, in which case the framework labels the
// resource with its lowercased kind. It satisfies concepts.MetricsIdentifiable.
func (r *Resource) MetricsIdentifier() string {
	return r.base.MetricsIdentifier()
}

// Object returns a deep copy of the underlying ConfigMap object.
//
// The returned object implements client.Object, making it compatible with
// controller-runtime's Client for Create, Update, and Patch operations.
func (r *Resource) Object() (client.Object, error) {
	return r.base.Object()
}

// Mutate transforms the current state of the ConfigMap into the desired state.
//
// The mutation process follows this order:
//  1. The desired base state is applied to the current object.
//  2. Feature mutations: all registered feature-gated mutations are applied in order.
//
// This method is invoked by the framework during the Update phase of reconciliation.
func (r *Resource) Mutate(current client.Object) error {
	return r.base.Mutate(current)
}

// GuardStatus evaluates the resource's guard precondition.
// If no guard was registered, the resource is unconditionally unblocked.
func (r *Resource) GuardStatus() (concepts.GuardStatusWithReason, error) {
	return r.base.GuardStatus()
}

// ExtractData executes all declared data extractions against a deep copy of the
// reconciled ConfigMap.
//
// This is called by the framework after successful reconciliation, allowing the
// component to read generated or updated values from the ConfigMap.
func (r *Resource) ExtractData() error {
	return r.base.ExtractData()
}

// ProducedData returns the cells this ConfigMap declares extractions into.
// It satisfies concepts.DataProducer for component topology validation and
// introspection.
func (r *Resource) ProducedData() []concepts.DataCell {
	return r.base.ProducedData()
}

// ConsumedData returns the ConfigMap's declared data reads. It satisfies
// concepts.DataConsumer for component topology validation and introspection.
func (r *Resource) ConsumedData() []concepts.DataConsumption {
	return r.base.ConsumedData()
}

// RecordObservation stores the supplied object as the resource's most recently
// observed cluster state. The framework invokes this on read-only resources after
// fetching them so that declared data extractions observe the live object rather
// than the inert base used to construct the resource.
func (r *Resource) RecordObservation(observed client.Object) error {
	return r.base.RecordObservation(observed)
}

// Preview renders the ConfigMap as a client.Object with feature mutations applied,
// without modifying the resource's internal state. It satisfies the component's
// Previewable capability so the component can assemble a cluster-free preview.
//
// Suspension mutations are not applied; the preview reflects content state only.
// Callers needing the concrete type can type-assert the returned object.
func (r *Resource) Preview() (client.Object, error) {
	return r.base.Preview()
}

// RegisteredMutations returns the deduplicated Names of every mutation registered on
// the ConfigMap, independent of version. It satisfies concepts.MutationInspector so
// the resource can be introspected for version-matrix golden generation.
func (r *Resource) RegisteredMutations() []string {
	return r.base.RegisteredMutations()
}

// FiringSet returns the Names of registered mutations whose gate is enabled for the
// version the ConfigMap was built at. It satisfies concepts.MutationInspector.
func (r *Resource) FiringSet() ([]string, error) {
	return r.base.FiringSet()
}

var _ concepts.MutationInspector = (*Resource)(nil)
var _ concepts.DataProducer = (*Resource)(nil)
var _ concepts.DataConsumer = (*Resource)(nil)
var _ concepts.MetricsIdentifiable = (*Resource)(nil)
